// Jest Snapshot v1, https://goo.gl/fbAQLP

exports[`<QuestionDetails /> clicking edit link should go to edit form page 1`] = `"/admin/questao-editar?id=AranDOMquestionID"`;

exports[`<QuestionDetails /> clicking on confirm button deletes the question 1`] = `"/admin/questoes"`;
